------------------------------------------------------------
Timing Analyzer Summary
------------------------------------------------------------

Type  : Slow 1200mV 85C Model Setup 'CLK'
Slack : -4.685
TNS   : -106.809

Type  : Slow 1200mV 85C Model Setup 'Cronus:inst|tmp'
Slack : -2.286
TNS   : -2.841

Type  : Slow 1200mV 85C Model Setup 'Cronus:inst|SynchronousCounter:SCMS2|myJKFF:JKFF3|TQ'
Slack : -1.938
TNS   : -2.198

Type  : Slow 1200mV 85C Model Setup 'Cronus:inst|SynchronousCounter:SCMS0|myJKFF:JKFF3|TQ'
Slack : -1.905
TNS   : -2.395

Type  : Slow 1200mV 85C Model Setup 'Cronus:inst|SynchronousCounter:SCS0|myJKFF:JKFF3|TQ'
Slack : -1.890
TNS   : -3.852

Type  : Slow 1200mV 85C Model Setup 'Cronus:inst|SynchronousCounter:SCMS1|myJKFF:JKFF3|TQ'
Slack : -1.836
TNS   : -2.818

Type  : Slow 1200mV 85C Model Setup 'Cronus:inst|SynchronousCounter:SCS1|myJKFF:JKFF2|TQ'
Slack : -0.390
TNS   : -0.553

Type  : Slow 1200mV 85C Model Setup 'PB0'
Slack : -0.352
TNS   : -0.352

Type  : Slow 1200mV 85C Model Hold 'CLK'
Slack : 0.331
TNS   : 0.000

Type  : Slow 1200mV 85C Model Hold 'Cronus:inst|SynchronousCounter:SCMS1|myJKFF:JKFF3|TQ'
Slack : 0.348
TNS   : 0.000

Type  : Slow 1200mV 85C Model Hold 'Cronus:inst|SynchronousCounter:SCMS2|myJKFF:JKFF3|TQ'
Slack : 0.348
TNS   : 0.000

Type  : Slow 1200mV 85C Model Hold 'Cronus:inst|SynchronousCounter:SCS0|myJKFF:JKFF3|TQ'
Slack : 0.348
TNS   : 0.000

Type  : Slow 1200mV 85C Model Hold 'Cronus:inst|SynchronousCounter:SCS1|myJKFF:JKFF2|TQ'
Slack : 0.348
TNS   : 0.000

Type  : Slow 1200mV 85C Model Hold 'Cronus:inst|tmp'
Slack : 0.348
TNS   : 0.000

Type  : Slow 1200mV 85C Model Hold 'Cronus:inst|SynchronousCounter:SCMS0|myJKFF:JKFF3|TQ'
Slack : 0.349
TNS   : 0.000

Type  : Slow 1200mV 85C Model Hold 'PB0'
Slack : 1.003
TNS   : 0.000

Type  : Slow 1200mV 85C Model Recovery 'PB0'
Slack : -7.604
TNS   : -7.604

Type  : Slow 1200mV 85C Model Recovery 'Cronus:inst|tmp'
Slack : -3.459
TNS   : -13.836

Type  : Slow 1200mV 85C Model Recovery 'Cronus:inst|SynchronousCounter:SCMS2|myJKFF:JKFF3|TQ'
Slack : -2.828
TNS   : -11.312

Type  : Slow 1200mV 85C Model Recovery 'Cronus:inst|SynchronousCounter:SCMS0|myJKFF:JKFF3|TQ'
Slack : -2.826
TNS   : -11.304

Type  : Slow 1200mV 85C Model Recovery 'Cronus:inst|SynchronousCounter:SCMS1|myJKFF:JKFF3|TQ'
Slack : -2.760
TNS   : -11.040

Type  : Slow 1200mV 85C Model Recovery 'Cronus:inst|SynchronousCounter:SCS0|myJKFF:JKFF3|TQ'
Slack : -2.284
TNS   : -9.136

Type  : Slow 1200mV 85C Model Recovery 'Cronus:inst|SynchronousCounter:SCS1|myJKFF:JKFF2|TQ'
Slack : -1.255
TNS   : -5.020

Type  : Slow 1200mV 85C Model Removal 'Cronus:inst|SynchronousCounter:SCMS1|myJKFF:JKFF3|TQ'
Slack : 1.365
TNS   : 0.000

Type  : Slow 1200mV 85C Model Removal 'Cronus:inst|SynchronousCounter:SCS1|myJKFF:JKFF2|TQ'
Slack : 1.406
TNS   : 0.000

Type  : Slow 1200mV 85C Model Removal 'Cronus:inst|SynchronousCounter:SCMS2|myJKFF:JKFF3|TQ'
Slack : 1.412
TNS   : 0.000

Type  : Slow 1200mV 85C Model Removal 'Cronus:inst|SynchronousCounter:SCMS0|myJKFF:JKFF3|TQ'
Slack : 1.555
TNS   : 0.000

Type  : Slow 1200mV 85C Model Removal 'Cronus:inst|SynchronousCounter:SCS0|myJKFF:JKFF3|TQ'
Slack : 1.634
TNS   : 0.000

Type  : Slow 1200mV 85C Model Removal 'PB0'
Slack : 2.165
TNS   : 0.000

Type  : Slow 1200mV 85C Model Removal 'Cronus:inst|tmp'
Slack : 2.458
TNS   : 0.000

Type  : Slow 1200mV 85C Model Minimum Pulse Width 'CLK'
Slack : -3.000
TNS   : -49.299

Type  : Slow 1200mV 85C Model Minimum Pulse Width 'PB0'
Slack : -3.000
TNS   : -4.403

Type  : Slow 1200mV 85C Model Minimum Pulse Width 'Cronus:inst|SynchronousCounter:SCMS0|myJKFF:JKFF3|TQ'
Slack : -1.403
TNS   : -5.612

Type  : Slow 1200mV 85C Model Minimum Pulse Width 'Cronus:inst|SynchronousCounter:SCMS1|myJKFF:JKFF3|TQ'
Slack : -1.403
TNS   : -5.612

Type  : Slow 1200mV 85C Model Minimum Pulse Width 'Cronus:inst|SynchronousCounter:SCMS2|myJKFF:JKFF3|TQ'
Slack : -1.403
TNS   : -5.612

Type  : Slow 1200mV 85C Model Minimum Pulse Width 'Cronus:inst|SynchronousCounter:SCS0|myJKFF:JKFF3|TQ'
Slack : -1.403
TNS   : -5.612

Type  : Slow 1200mV 85C Model Minimum Pulse Width 'Cronus:inst|SynchronousCounter:SCS1|myJKFF:JKFF2|TQ'
Slack : -1.403
TNS   : -5.612

Type  : Slow 1200mV 85C Model Minimum Pulse Width 'Cronus:inst|tmp'
Slack : -1.403
TNS   : -5.612

Type  : Slow 1200mV 0C Model Setup 'CLK'
Slack : -4.314
TNS   : -95.482

Type  : Slow 1200mV 0C Model Setup 'Cronus:inst|tmp'
Slack : -1.983
TNS   : -2.338

Type  : Slow 1200mV 0C Model Setup 'Cronus:inst|SynchronousCounter:SCS0|myJKFF:JKFF3|TQ'
Slack : -1.855
TNS   : -3.614

Type  : Slow 1200mV 0C Model Setup 'Cronus:inst|SynchronousCounter:SCMS0|myJKFF:JKFF3|TQ'
Slack : -1.808
TNS   : -2.077

Type  : Slow 1200mV 0C Model Setup 'Cronus:inst|SynchronousCounter:SCMS2|myJKFF:JKFF3|TQ'
Slack : -1.795
TNS   : -1.945

Type  : Slow 1200mV 0C Model Setup 'Cronus:inst|SynchronousCounter:SCMS1|myJKFF:JKFF3|TQ'
Slack : -1.627
TNS   : -2.433

Type  : Slow 1200mV 0C Model Setup 'Cronus:inst|SynchronousCounter:SCS1|myJKFF:JKFF2|TQ'
Slack : -0.259
TNS   : -0.323

Type  : Slow 1200mV 0C Model Setup 'PB0'
Slack : -0.234
TNS   : -0.234

Type  : Slow 1200mV 0C Model Hold 'CLK'
Slack : 0.296
TNS   : 0.000

Type  : Slow 1200mV 0C Model Hold 'Cronus:inst|SynchronousCounter:SCS0|myJKFF:JKFF3|TQ'
Slack : 0.311
TNS   : 0.000

Type  : Slow 1200mV 0C Model Hold 'Cronus:inst|SynchronousCounter:SCS1|myJKFF:JKFF2|TQ'
Slack : 0.311
TNS   : 0.000

Type  : Slow 1200mV 0C Model Hold 'Cronus:inst|SynchronousCounter:SCMS0|myJKFF:JKFF3|TQ'
Slack : 0.312
TNS   : 0.000

Type  : Slow 1200mV 0C Model Hold 'Cronus:inst|SynchronousCounter:SCMS1|myJKFF:JKFF3|TQ'
Slack : 0.312
TNS   : 0.000

Type  : Slow 1200mV 0C Model Hold 'Cronus:inst|SynchronousCounter:SCMS2|myJKFF:JKFF3|TQ'
Slack : 0.312
TNS   : 0.000

Type  : Slow 1200mV 0C Model Hold 'Cronus:inst|tmp'
Slack : 0.313
TNS   : 0.000

Type  : Slow 1200mV 0C Model Hold 'PB0'
Slack : 0.922
TNS   : 0.000

Type  : Slow 1200mV 0C Model Recovery 'PB0'
Slack : -7.035
TNS   : -7.035

Type  : Slow 1200mV 0C Model Recovery 'Cronus:inst|tmp'
Slack : -3.155
TNS   : -12.620

Type  : Slow 1200mV 0C Model Recovery 'Cronus:inst|SynchronousCounter:SCMS2|myJKFF:JKFF3|TQ'
Slack : -2.578
TNS   : -10.312

Type  : Slow 1200mV 0C Model Recovery 'Cronus:inst|SynchronousCounter:SCMS0|myJKFF:JKFF3|TQ'
Slack : -2.566
TNS   : -10.264

Type  : Slow 1200mV 0C Model Recovery 'Cronus:inst|SynchronousCounter:SCMS1|myJKFF:JKFF3|TQ'
Slack : -2.417
TNS   : -9.668

Type  : Slow 1200mV 0C Model Recovery 'Cronus:inst|SynchronousCounter:SCS0|myJKFF:JKFF3|TQ'
Slack : -2.038
TNS   : -8.152

Type  : Slow 1200mV 0C Model Recovery 'Cronus:inst|SynchronousCounter:SCS1|myJKFF:JKFF2|TQ'
Slack : -1.040
TNS   : -4.160

Type  : Slow 1200mV 0C Model Removal 'Cronus:inst|SynchronousCounter:SCMS1|myJKFF:JKFF3|TQ'
Slack : 1.196
TNS   : 0.000

Type  : Slow 1200mV 0C Model Removal 'Cronus:inst|SynchronousCounter:SCMS2|myJKFF:JKFF3|TQ'
Slack : 1.231
TNS   : 0.000

Type  : Slow 1200mV 0C Model Removal 'Cronus:inst|SynchronousCounter:SCS1|myJKFF:JKFF2|TQ'
Slack : 1.286
TNS   : 0.000

Type  : Slow 1200mV 0C Model Removal 'Cronus:inst|SynchronousCounter:SCMS0|myJKFF:JKFF3|TQ'
Slack : 1.363
TNS   : 0.000

Type  : Slow 1200mV 0C Model Removal 'Cronus:inst|SynchronousCounter:SCS0|myJKFF:JKFF3|TQ'
Slack : 1.426
TNS   : 0.000

Type  : Slow 1200mV 0C Model Removal 'PB0'
Slack : 2.050
TNS   : 0.000

Type  : Slow 1200mV 0C Model Removal 'Cronus:inst|tmp'
Slack : 2.373
TNS   : 0.000

Type  : Slow 1200mV 0C Model Minimum Pulse Width 'CLK'
Slack : -3.000
TNS   : -49.299

Type  : Slow 1200mV 0C Model Minimum Pulse Width 'PB0'
Slack : -3.000
TNS   : -4.403

Type  : Slow 1200mV 0C Model Minimum Pulse Width 'Cronus:inst|SynchronousCounter:SCMS0|myJKFF:JKFF3|TQ'
Slack : -1.403
TNS   : -5.612

Type  : Slow 1200mV 0C Model Minimum Pulse Width 'Cronus:inst|SynchronousCounter:SCMS1|myJKFF:JKFF3|TQ'
Slack : -1.403
TNS   : -5.612

Type  : Slow 1200mV 0C Model Minimum Pulse Width 'Cronus:inst|SynchronousCounter:SCMS2|myJKFF:JKFF3|TQ'
Slack : -1.403
TNS   : -5.612

Type  : Slow 1200mV 0C Model Minimum Pulse Width 'Cronus:inst|SynchronousCounter:SCS0|myJKFF:JKFF3|TQ'
Slack : -1.403
TNS   : -5.612

Type  : Slow 1200mV 0C Model Minimum Pulse Width 'Cronus:inst|SynchronousCounter:SCS1|myJKFF:JKFF2|TQ'
Slack : -1.403
TNS   : -5.612

Type  : Slow 1200mV 0C Model Minimum Pulse Width 'Cronus:inst|tmp'
Slack : -1.403
TNS   : -5.612

Type  : Fast 1200mV 0C Model Setup 'CLK'
Slack : -1.475
TNS   : -25.121

Type  : Fast 1200mV 0C Model Setup 'Cronus:inst|tmp'
Slack : -0.858
TNS   : -0.858

Type  : Fast 1200mV 0C Model Setup 'Cronus:inst|SynchronousCounter:SCMS2|myJKFF:JKFF3|TQ'
Slack : -0.290
TNS   : -0.290

Type  : Fast 1200mV 0C Model Setup 'Cronus:inst|SynchronousCounter:SCS0|myJKFF:JKFF3|TQ'
Slack : -0.288
TNS   : -0.567

Type  : Fast 1200mV 0C Model Setup 'Cronus:inst|SynchronousCounter:SCMS0|myJKFF:JKFF3|TQ'
Slack : -0.278
TNS   : -0.278

Type  : Fast 1200mV 0C Model Setup 'Cronus:inst|SynchronousCounter:SCMS1|myJKFF:JKFF3|TQ'
Slack : -0.251
TNS   : -0.251

Type  : Fast 1200mV 0C Model Setup 'Cronus:inst|SynchronousCounter:SCS1|myJKFF:JKFF2|TQ'
Slack : 0.389
TNS   : 0.000

Type  : Fast 1200mV 0C Model Setup 'PB0'
Slack : 0.450
TNS   : 0.000

Type  : Fast 1200mV 0C Model Hold 'CLK'
Slack : 0.145
TNS   : 0.000

Type  : Fast 1200mV 0C Model Hold 'Cronus:inst|SynchronousCounter:SCMS0|myJKFF:JKFF3|TQ'
Slack : 0.151
TNS   : 0.000

Type  : Fast 1200mV 0C Model Hold 'Cronus:inst|SynchronousCounter:SCMS1|myJKFF:JKFF3|TQ'
Slack : 0.151
TNS   : 0.000

Type  : Fast 1200mV 0C Model Hold 'Cronus:inst|SynchronousCounter:SCMS2|myJKFF:JKFF3|TQ'
Slack : 0.151
TNS   : 0.000

Type  : Fast 1200mV 0C Model Hold 'Cronus:inst|SynchronousCounter:SCS1|myJKFF:JKFF2|TQ'
Slack : 0.151
TNS   : 0.000

Type  : Fast 1200mV 0C Model Hold 'Cronus:inst|SynchronousCounter:SCS0|myJKFF:JKFF3|TQ'
Slack : 0.152
TNS   : 0.000

Type  : Fast 1200mV 0C Model Hold 'Cronus:inst|tmp'
Slack : 0.152
TNS   : 0.000

Type  : Fast 1200mV 0C Model Hold 'PB0'
Slack : 0.408
TNS   : 0.000

Type  : Fast 1200mV 0C Model Recovery 'PB0'
Slack : -3.117
TNS   : -3.117

Type  : Fast 1200mV 0C Model Recovery 'Cronus:inst|tmp'
Slack : -0.947
TNS   : -3.788

Type  : Fast 1200mV 0C Model Recovery 'Cronus:inst|SynchronousCounter:SCMS1|myJKFF:JKFF3|TQ'
Slack : -0.679
TNS   : -2.716

Type  : Fast 1200mV 0C Model Recovery 'Cronus:inst|SynchronousCounter:SCMS2|myJKFF:JKFF3|TQ'
Slack : -0.658
TNS   : -2.632

Type  : Fast 1200mV 0C Model Recovery 'Cronus:inst|SynchronousCounter:SCMS0|myJKFF:JKFF3|TQ'
Slack : -0.647
TNS   : -2.588

Type  : Fast 1200mV 0C Model Recovery 'Cronus:inst|SynchronousCounter:SCS0|myJKFF:JKFF3|TQ'
Slack : -0.502
TNS   : -2.008

Type  : Fast 1200mV 0C Model Recovery 'Cronus:inst|SynchronousCounter:SCS1|myJKFF:JKFF2|TQ'
Slack : -0.011
TNS   : -0.044

Type  : Fast 1200mV 0C Model Removal 'Cronus:inst|SynchronousCounter:SCMS1|myJKFF:JKFF3|TQ'
Slack : 0.478
TNS   : 0.000

Type  : Fast 1200mV 0C Model Removal 'PB0'
Slack : 0.524
TNS   : 0.000

Type  : Fast 1200mV 0C Model Removal 'Cronus:inst|SynchronousCounter:SCMS2|myJKFF:JKFF3|TQ'
Slack : 0.550
TNS   : 0.000

Type  : Fast 1200mV 0C Model Removal 'Cronus:inst|SynchronousCounter:SCMS0|myJKFF:JKFF3|TQ'
Slack : 0.587
TNS   : 0.000

Type  : Fast 1200mV 0C Model Removal 'Cronus:inst|SynchronousCounter:SCS1|myJKFF:JKFF2|TQ'
Slack : 0.589
TNS   : 0.000

Type  : Fast 1200mV 0C Model Removal 'Cronus:inst|SynchronousCounter:SCS0|myJKFF:JKFF3|TQ'
Slack : 0.697
TNS   : 0.000

Type  : Fast 1200mV 0C Model Removal 'Cronus:inst|tmp'
Slack : 0.750
TNS   : 0.000

Type  : Fast 1200mV 0C Model Minimum Pulse Width 'CLK'
Slack : -3.000
TNS   : -37.300

Type  : Fast 1200mV 0C Model Minimum Pulse Width 'PB0'
Slack : -3.000
TNS   : -4.144

Type  : Fast 1200mV 0C Model Minimum Pulse Width 'Cronus:inst|SynchronousCounter:SCMS0|myJKFF:JKFF3|TQ'
Slack : -1.000
TNS   : -4.000

Type  : Fast 1200mV 0C Model Minimum Pulse Width 'Cronus:inst|SynchronousCounter:SCMS1|myJKFF:JKFF3|TQ'
Slack : -1.000
TNS   : -4.000

Type  : Fast 1200mV 0C Model Minimum Pulse Width 'Cronus:inst|SynchronousCounter:SCMS2|myJKFF:JKFF3|TQ'
Slack : -1.000
TNS   : -4.000

Type  : Fast 1200mV 0C Model Minimum Pulse Width 'Cronus:inst|SynchronousCounter:SCS0|myJKFF:JKFF3|TQ'
Slack : -1.000
TNS   : -4.000

Type  : Fast 1200mV 0C Model Minimum Pulse Width 'Cronus:inst|SynchronousCounter:SCS1|myJKFF:JKFF2|TQ'
Slack : -1.000
TNS   : -4.000

Type  : Fast 1200mV 0C Model Minimum Pulse Width 'Cronus:inst|tmp'
Slack : -1.000
TNS   : -4.000

------------------------------------------------------------
